15:58:31 **** Auto Build of configuration Debug for project CDMA_V1 ****
make pre-build main-build 
a9-linaro-pre-build-step
' '
'Building file: ../src/helloworld.c'
'Invoking: ARM v7 gcc compiler'
arm-none-eabi-gcc -Wall -O0 -g3 -c -fmessage-length=0 -MT"src/helloworld.o" -mcpu=cortex-a9 -mfpu=vfpv3 -mfloat-abi=hard -I../../CDMA_V1_bsp/ps7_cortexa9_0/include -MMD -MP -MF"src/helloworld.d" -MT"src/helloworld.o" -o "src/helloworld.o" "../src/helloworld.c"
../src/helloworld.c: In function 'main':
../src/helloworld.c:458:8: warning: format '%x' expects argument of type 'unsigned int', but argument 2 has type 'u32' [-Wformat=]
        printf("Error in Comparison : Index : %x \n\r", Index);
        ^
../src/helloworld.c:458:8: warning: format '%x' expects argument of type 'unsigned int', but argument 2 has type 'u32' [-Wformat=]
../src/helloworld.c:384:6: warning: unused variable 'info_rev' [-Wunused-variable]
  u32 info_rev = 0;
      ^
../src/helloworld.c:383:9: warning: unused variable 'j' [-Wunused-variable]
  int i, j;
         ^
../src/helloworld.c:383:6: warning: unused variable 'i' [-Wunused-variable]
  int i, j;
      ^
'Finished building: ../src/helloworld.c'
' '
'Building file: ../src/platform.c'
'Invoking: ARM v7 gcc compiler'
arm-none-eabi-gcc -Wall -O0 -g3 -c -fmessage-length=0 -MT"src/platform.o" -mcpu=cortex-a9 -mfpu=vfpv3 -mfloat-abi=hard -I../../CDMA_V1_bsp/ps7_cortexa9_0/include -MMD -MP -MF"src/platform.d" -MT"src/platform.o" -o "src/platform.o" "../src/platform.c"
'Finished building: ../src/platform.c'
' '
'Building target: CDMA_V1.elf'
'Invoking: ARM v7 gcc linker'
arm-none-eabi-gcc -mcpu=cortex-a9 -mfpu=vfpv3 -mfloat-abi=hard -Wl,-build-id=none -specs=Xilinx.spec -Wl,-T -Wl,../src/lscript.ld -L../../CDMA_V1_bsp/ps7_cortexa9_0/lib -o "CDMA_V1.elf"  ./src/helloworld.o ./src/platform.o   -Wl,--start-group,-lxil,-lgcc,-lc,--end-group
'Finished building target: CDMA_V1.elf'
' '
'Invoking: ARM v7 Print Size'
arm-none-eabi-size CDMA_V1.elf  |tee "CDMA_V1.elf.size"
   text	   data	    bss	    dec	    hex	filename
  88212	   4200	  31916	 124328	  1e5a8	CDMA_V1.elf
'Finished building: CDMA_V1.elf.size'
' '

15:58:35 Build Finished (took 4s.236ms)

